{"jsonrpc":"2.0","id":1,"error":{"code":-32002,"message":"textDocument/hover before initialize"}}
{"jsonrpc":"2.0","id":2,"result":{"capabilities":{"positionEncoding":"utf-16","textDocumentSync":1,"hoverProvider":true,"definitionProvider":true,"referencesProvider":true,"documentHighlightProvider":true,"documentFormattingProvider":true,"completionProvider":{"triggerCharacters":["."]},"documentSymbolProvider":true,"signatureHelpProvider":{"triggerCharacters":["(",","]},"renameProvider":{"prepareProvider":true}},"serverInfo":{"name":"yel-lsp","version":"0.1.0"}}}
{"jsonrpc":"2.0","id":3,"result":{"contents":{"kind":"markdown","value":"```yel\nlet total-count: s32\n```"}}}
{"jsonrpc":"2.0","id":4,"result":{"contents":{"kind":"markdown","value":"```yel\nlet cafe: string\n```"}}}
{"jsonrpc":"2.0","id":31,"result":{"uri":"file://<root>/build/lsp-unsaved/main.yel","range":{"start":{"line":1,"character":26},"end":{"line":1,"character":37}}}}
{"jsonrpc":"2.0","id":32,"result":[{"uri":"file://<root>/build/lsp-unsaved/main.yel","range":{"start":{"line":2,"character":8},"end":{"line":2,"character":13}}},{"uri":"file://<root>/build/lsp-unsaved/main.yel","range":{"start":{"line":3,"character":18},"end":{"line":3,"character":23}}}]}
{"jsonrpc":"2.0","id":33,"result":{"isIncomplete":false,"items":[{"label":"left","kind":5,"sortText":"0000","detail":"left: s32"},{"label":"right","kind":5,"sortText":"0001","detail":"right: s32"},{"label":"first","kind":2,"sortText":"0002","detail":"first: func(p: pair) -> s32"},{"label":"to-string","kind":2,"sortText":"0003","detail":"to-string: func<T>(v: T) -> string","documentation":{"kind":"markdown","value":"a value as its text, as an interpolation shows it"}},{"label":"black-box","kind":2,"sortText":"0004","detail":"black-box: extern func<T>(v: T) -> T","documentation":{"kind":"markdown","value":"v, which the C compiler must take as unknown (it cannot drop what makes it, nor see through\nit): a benchmark's barrier, as Rust's std::hint::black_box and Porffor's asm volatile"}},{"label":"handle-number","kind":2,"sortText":"0005","detail":"handle-number: extern func<T>(h: T & readonly) -> s64","documentation":{"kind":"markdown","value":"a resource handle of type T made from its number, and a handle's number (std's native host\nnumbers its handles: a descriptor's is its fd + 1)"}}]}}
{"jsonrpc":"2.0","id":34,"result":[{"name":"main","detail":"main: func() -> s32","kind":12,"range":{"start":{"line":0,"character":0},"end":{"line":4,"character":1}},"selectionRange":{"start":{"line":0,"character":0},"end":{"line":0,"character":4}},"children":[]},{"name":"pair","detail":"","kind":23,"range":{"start":{"line":5,"character":0},"end":{"line":5,"character":38}},"selectionRange":{"start":{"line":5,"character":7},"end":{"line":5,"character":11}},"children":[{"name":"left","detail":"left: s32","kind":8,"range":{"start":{"line":5,"character":14},"end":{"line":5,"character":23}},"selectionRange":{"start":{"line":5,"character":14},"end":{"line":5,"character":18}},"children":[]},{"name":"right","detail":"right: s32","kind":8,"range":{"start":{"line":5,"character":25},"end":{"line":5,"character":35}},"selectionRange":{"start":{"line":5,"character":25},"end":{"line":5,"character":30}},"children":[]}]},{"name":"first","detail":"first: func(p: pair) -> s32","kind":12,"range":{"start":{"line":6,"character":0},"end":{"line":6,"character":38}},"selectionRange":{"start":{"line":6,"character":0},"end":{"line":6,"character":5}},"children":[]}]}
{"jsonrpc":"2.0","id":35,"result":{"range":{"start":{"line":3,"character":4},"end":{"line":3,"character":15}},"placeholder":"total-count"}}
{"jsonrpc":"2.0","id":36,"result":{"changes":{"file://<root>/build/lsp-unsaved/main.yel":[{"range":{"start":{"line":1,"character":26},"end":{"line":1,"character":37}},"newText":"sum"},{"range":{"start":{"line":3,"character":4},"end":{"line":3,"character":15}},"newText":"sum"}]}}}
{"jsonrpc":"2.0","id":37,"result":{"signatures":[{"label":"len: extern func(s: string) -> s64","parameters":[{"label":[17,26]}]}],"activeSignature":0,"activeParameter":1}}
{"jsonrpc":"2.0","method":"textDocument/publishDiagnostics","params":{"uri":"file://<root>/build/lsp-unsaved/main.yel","diagnostics":[{"range":{"start":{"line":2,"character":21},"end":{"line":2,"character":27}},"severity":1,"source":"yelc","message":"the value of wrong: expected s32, found string","relatedInformation":[]}]}}
{"jsonrpc":"2.0","method":"textDocument/publishDiagnostics","params":{"uri":"file://<root>/build/lsp-unsaved/main.yel","diagnostics":[]}}
{"jsonrpc":"2.0","id":5,"result":[{"range":{"start":{"line":0,"character":0},"end":{"line":1,"character":0}},"newText":"main: func() -> s32 { 0 }\n"}]}
{"jsonrpc":"2.0","id":6,"result":null}
{"jsonrpc":"2.0","id":null,"error":{"code":-32700,"message":"the text ends where a value is wanted at byte 33"}}
{"jsonrpc":"2.0","id":"last","result":null}
{"jsonrpc":"2.0","id":8,"error":{"code":-32600,"message":"textDocument/hover after shutdown"}}
exit 0
exit 1 (stdin closed with no shutdown)
